// Jest Snapshot v1, https://goo.gl/fbAQLP

exports[`Rocket component should render rocket component 1`] = `
<article
  className="rocket"
>
  <figure>
    <img
      alt="rocket"
      className="rocket-img"
      src="https://imgur.com/DaCfMsj.jpg"
    />
  </figure>
  <div
    className="rocket-details"
  >
    <h2>
      Falcon 1
    </h2>
    <p>
      The Falcon 1 was an expendable launch system privately developed and manufactured by SpaceX during 2006-2009. On 28 September 2008, Falcon 1 became the first privately-developed liquid-fuel launch vehicle to go into orbit around the Earth.
    </p>
    <button
      className="reserve"
      onClick={[Function]}
      type="button"
    >
      Reserve Rocket
    </button>
  </div>
</article>
`;
