// Jest Snapshot v1, https://goo.gl/fbAQLP

exports[`Rockets page component should match the snapshot 1`] = `
<div
  className="rockets"
>
  <article
    className="rocket"
  >
    <figure>
      <img
        alt="rocket"
        className="rocket-img"
        src="https://imgur.com/DaCfMsj.jpg"
      />
    </figure>
    <div
      className="rocket-details"
    >
      <h2>
        Falcon 1
      </h2>
      <p>
        The Falcon 1 was an expendable launch system privately developed and manufactured by SpaceX during 2006-2009. On 28 September 2008, Falcon 1 became the first privately-developed liquid-fuel launch vehicle to go into orbit around the Earth.
      </p>
      <button
        className="reserve"
        onClick={[Function]}
        type="button"
      >
        Reserve Rocket
      </button>
    </div>
  </article>
  <article
    className="rocket"
  >
    <figure>
      <img
        alt="rocket"
        className="rocket-img"
        src="https://farm1.staticflickr.com/929/28787338307_3453a11a77_b.jpg"
      />
    </figure>
    <div
      className="rocket-details"
    >
      <h2>
        Falcon 9
      </h2>
      <p>
        Falcon 9 is a two-stage rocket designed and manufactured by SpaceX for the reliable and safe transport of satellites and the Dragon spacecraft into orbit.
      </p>
      <button
        className="reserve"
        onClick={[Function]}
        type="button"
      >
        Reserve Rocket
      </button>
    </div>
  </article>
  <article
    className="rocket"
  >
    <figure>
      <img
        alt="rocket"
        className="rocket-img"
        src="https://farm5.staticflickr.com/4599/38583829295_581f34dd84_b.jpg"
      />
    </figure>
    <div
      className="rocket-details"
    >
      <h2>
        Falcon Heavy
      </h2>
      <p>
        With the ability to lift into orbit over 54 metric tons (119,000 lb)--a mass equivalent to a 737 jetliner loaded with passengers, crew, luggage and fuel--Falcon Heavy can lift more than twice the payload of the next closest operational vehicle, the Delta IV Heavy, at one-third the cost.
      </p>
      <button
        className="reserve"
        onClick={[Function]}
        type="button"
      >
        Reserve Rocket
      </button>
    </div>
  </article>
  <article
    className="rocket"
  >
    <figure>
      <img
        alt="rocket"
        className="rocket-img"
        src="https://live.staticflickr.com/65535/48954138962_ee541e6755_b.jpg"
      />
    </figure>
    <div
      className="rocket-details"
    >
      <h2>
        Starship
      </h2>
      <p>
        Starship and Super Heavy Rocket represent a fully reusable transportation system designed to service all Earth orbit needs as well as the Moon and Mars. This two-stage vehicle — composed of the Super Heavy rocket (booster) and Starship (ship) — will eventually replace Falcon 9, Falcon Heavy and Dragon.
      </p>
      <button
        className="reserve"
        onClick={[Function]}
        type="button"
      >
        Reserve Rocket
      </button>
    </div>
  </article>
</div>
`;
